Microchip MPLAB XC8 Compiler V2.35

Linker command line:

-W-3 --edf=C:\Program Files\Microchip\xc8\v2.35\pic\dat\en_msgs.txt -cn \
  -h+dist/default/production\Master_P1.X.production.sym \
  --cmf=dist/default/production\Master_P1.X.production.cmf -z -Q16F887 \
  -oC:\Users\javyp\AppData\Local\Temp\xcAs2jg.4 --defsym=__MPLAB_BUILD=1 \
  -Mdist/default/production/Master_P1.X.production.map \
  --md=C:\Users\javyp\AppData\Local\Temp\xcAs2jg.dat -E1 -ver=XC8 Compiler \
  --acfsm=1493 -ACODE=00h-07FFhx4 -ASTRCODE=00h-01FFFh -ASTRING=00h-0FFhx32 \
  -ACONST=00h-0FFhx32 -AENTRY=00h-0FFhx32 -ACOMMON=070h-07Fh \
  -ABANK0=020h-06Fh -ABANK1=0A0h-0EFh -ABANK2=0110h-016Fh \
  -ABANK3=0190h-01EFh -ARAM=020h-06Fh,0A0h-0EFh,0110h-016Fh,0190h-01EFh \
  -AABS1=020h-07Fh,0A0h-0EFh,0110h-016Fh,0190h-01EFh -ASFR0=00h-01Fh \
  -ASFR1=080h-09Fh -ASFR2=0100h-010Fh -ASFR3=0180h-018Fh \
  -ACONFIG=02007h-02008h -DCONFIG=2 -AIDLOC=02000h-02003h -DIDLOC=2 \
  -AEEDATA=00h-0FFh/02100h -peeprom_data=EEDATA -DEEDATA=2 -DCODE=2 \
  -DSTRCODE=2 -DSTRING=2 -DCONST=2 -DENTRY=2 \
  -preset_vec=00h,intentry=04h,init,end_init -ppowerup=CODE -pcinit=CODE \
  -pfunctab=ENTRY -k C:\Users\javyp\AppData\Local\Temp\xcAs2jg.o \
  dist/default/production\Master_P1.X.production.o 

Object code version is 3.11

Machine type is 16F887



                Name                               Link     Load   Length Selector   Space Scale
C:\Users\javyp\AppData\Local\Temp\xcAs2jg.o
                end_init                              C        C        3        8       0
                reset_vec                             0        0        3        0       0
                config                             2007     2007        2        0       4
                idloc                              2000     2000        4        0       5
dist/default/production\Master_P1.X.production.o
                cinit                                 F        F        E        8       0
                intentry                              4        4        8        8       0
                config                             2007     2007        2        0       4
                idloc                              2000     2000        4        0       5
                text17                              4E3      4E3        4      7C2       0
                text16                              4B9      4B9       15      7C2       0
                text15                              462      462       22      7C2       0
                text14                              4A1      4A1       18      7C2       0
                text13                              4CE      4CE        D      7C2       0
                text12                              242      242       58        8       0
                text11                              3E1      3E1       37      7C2       0
                text10                              43D      43D       25      7C2       0
                text9                               484      484       1D      7C2       0
                text8                               29A      29A       53        8       0
                text7                               177      177       68        8       0
                text6                               107      107       70        8       0
                text5                               36F      36F       3B        8       0
                text4                               418      418       25      7C2       0
                text3                               2ED      2ED       46        8       0
                text2                               333      333       3C        8       0
                text1                                1D       1D       EA        8       0
                maintext                            1DF      1DF       63        8       0
                cstackBANK0                          4A       4A       1D       20       1
                cstackCOMMON                         70       70        A       70       1
                clrtext                             4DB      4DB        8      7C2       0
                bssBANK0                             20       20       2A       20       1
                bssCOMMON                            7A       7A        1       70       1
                strings                             3AA      3AA       37      754       0

TOTAL           Name                               Link     Load   Length     Space
        CLASS   CODE           
                end_init                              C        C        3         0
                cinit                                 F        F        E         0
                intentry                              4        4        8         0
                reset_vec                             0        0        3         0
                text17                              4E3      4E3        4         0
                text16                              4B9      4B9       15         0
                text15                              462      462       22         0
                text14                              4A1      4A1       18         0
                text13                              4CE      4CE        D         0
                text12                              242      242       58         0
                text11                              3E1      3E1       37         0
                text10                              43D      43D       25         0
                text9                               484      484       1D         0
                text8                               29A      29A       53         0
                text7                               177      177       68         0
                text6                               107      107       70         0
                text5                               36F      36F       3B         0
                text4                               418      418       25         0
                text3                               2ED      2ED       46         0
                text2                               333      333       3C         0
                text1                                1D       1D       EA         0
                maintext                            1DF      1DF       63         0
                clrtext                             4DB      4DB        8         0

        CLASS   STRCODE        

        CLASS   STRING         
                strings                             3AA      3AA       37         0

        CLASS   CONST          

        CLASS   ENTRY          

        CLASS   COMMON         
                cstackCOMMON                         70       70        A         1
                bssCOMMON                            7A       7A        1         1

        CLASS   BANK0          
                cstackBANK0                          4A       4A       1D         1
                bssBANK0                             20       20       2A         1

        CLASS   BANK1          

        CLASS   BANK2          

        CLASS   BANK3          

        CLASS   RAM            

        CLASS   ABS1           
                abs_s1                               7E       7E        2         1

        CLASS   SFR0           

        CLASS   SFR1           

        CLASS   SFR2           

        CLASS   SFR3           

        CLASS   CONFIG         
                config                             2007     2007        2         4

        CLASS   IDLOC          
                idloc                              2000     2000        4         5

        CLASS   EEDATA         

        CLASS   STACK          



SEGMENTS        Name                           Load    Length   Top    Selector   Space  Class     Delta

                reset_vec                      000000  000003  000003         0       0  CODE        2
                intentry                       000004  0003A6  0003AA         8       0  CODE        2
                bssBANK0                       000020  000047  000067        20       1  BANK0       1
                cstackCOMMON                   000070  00000B  00007B        70       1  COMMON      1
                strings                        0003AA  000037  0003E1       754       0  STRING      2
                text11                         0003E1  000106  0004E7       7C2       0  CODE        2


UNUSED ADDRESS RANGES

        Name                Unused          Largest block    Delta
        BANK0            0067-006F              9           1
        BANK1            00A0-00EF             50           1
        BANK2            0110-016F             60           1
        BANK3            0190-01EF             60           1
        CODE             0003-0003              1           2
                         04E7-1FFF            800
        COMMON           007B-007D              3           1
        CONST            0003-0003              1           2
                         04E7-1FFF            100
        EEDATA           2100-21FF            100           2
        ENTRY            0003-0003              1           2
                         04E7-1FFF            100
        RAM              0067-006F              9           1
                         00A0-00EF             50
                         0110-016F             60
                         0190-01EF             60
        SFR0             0000-001F             20           1
        SFR1             0080-009F             20           1
        SFR2             0100-010F             10           1
        SFR3             0180-018F             10           1
        STRCODE          0003-0003              1           2
                         04E7-1FFF           1B19
        STRING           0003-0003              1           2
                         04E7-1FFF            100

                                  Symbol Table

?___lldiv                 cstackBANK0  004A
?___lwdiv                 cstackCOMMON 0073
?___lwmod                 cstackBANK0  004D
?_sprintf                 cstackBANK0  0051
Lcd_Cmd@a                 cstackCOMMON 0075
Lcd_Port@a                cstackCOMMON 0073
Lcd_Set_Cursor@a          cstackBANK0  004A
Lcd_Set_Cursor@b          cstackCOMMON 0076
Lcd_Set_Cursor@temp       cstackBANK0  004D
Lcd_Set_Cursor@y          cstackBANK0  004C
Lcd_Set_Cursor@z          cstackBANK0  004B
Lcd_Write_Char@a          cstackCOMMON 0077
Lcd_Write_Char@temp       cstackCOMMON 0075
Lcd_Write_Char@y          cstackCOMMON 0076
Lcd_Write_String@a        cstackBANK0  004C
Lcd_Write_String@i        cstackBANK0  004A
USART_set@baudrate        cstackBANK0  0052
_ANSEL                    (abs)        0188
_ANSELH                   (abs)        0189
_BAUDCTLbits              (abs)        0187
_INTCONbits               (abs)        000B
_Lcd_Clear                text13       04CE
_Lcd_Cmd                  text14       04A1
_Lcd_Init                 text8        029A
_Lcd_Port                 text15       0462
_Lcd_Set_Cursor           text12       0242
_Lcd_Write_Char           text11       03E1
_Lcd_Write_String         text10       043D
_OSCCONbits               (abs)        008F
_PIE1bits                 (abs)        008C
_PIR1bits                 (abs)        000C
_RA0                      (abs)        0028
_RA1                      (abs)        0029
_RA2                      (abs)        002A
_RA3                      (abs)        002B
_RA4                      (abs)        002C
_RA5                      (abs)        002D
_RCREG                    (abs)        001A
_RCSTAbits                (abs)        0018
_SPBRG                    (abs)        0099
_SPBRGH                   (abs)        009A
_TRISA                    (abs)        0085
_TRISB                    (abs)        0086
_TXSTAbits                (abs)        0098
_USART_read               text17       04E3
_USART_set                text6        0107
__Habs1                   abs1         0000
__Hbank0                  bank0        0000
__Hbank1                  bank1        0000
__Hbank2                  bank2        0000
__Hbank3                  bank3        0000
__HbssBANK0               bssBANK0     0000
__HbssCOMMON              bssCOMMON    0000
__Hcinit                  cinit        001D
__Hclrtext                clrtext      0000
__Hcode                   code         0000
__Hcommon                 common       0000
__Hconfig                 config       2009
__HcstackBANK0            cstackBANK0  0000
__HcstackCOMMON           cstackCOMMON 0000
__Heeprom_data            eeprom_data  0000
__Hend_init               end_init     000F
__Hfunctab                functab      0000
__Hidloc                  idloc        2004
__Hinit                   init         000C
__Hintentry               intentry     000C
__Hmaintext               maintext     0000
__Hpowerup                powerup      0000
__Hram                    ram          0000
__Hreset_vec              reset_vec    0003
__Hsfr0                   sfr0         0000
__Hsfr1                   sfr1         0000
__Hsfr2                   sfr2         0000
__Hsfr3                   sfr3         0000
__Hspace_0                (abs)        04E7
__Hspace_1                (abs)        007B
__Hspace_2                (abs)        0000
__Hspace_3                (abs)        0000
__Hspace_4                (abs)        4010
__Hstack                  stack        0000
__Hstrings                strings      0000
__Htext                   text         0000
__Labs1                   abs1         0000
__Lbank0                  bank0        0000
__Lbank1                  bank1        0000
__Lbank2                  bank2        0000
__Lbank3                  bank3        0000
__LbssBANK0               bssBANK0     0000
__LbssCOMMON              bssCOMMON    0000
__Lcinit                  cinit        000F
__Lclrtext                clrtext      0000
__Lcode                   code         0000
__Lcommon                 common       0000
__Lconfig                 config       0000
__LcstackBANK0            cstackBANK0  0000
__LcstackCOMMON           cstackCOMMON 0000
__Leeprom_data            eeprom_data  0000
__Lend_init               end_init     000C
__Lfunctab                functab      0000
__Lidloc                  idloc        0000
__Linit                   init         000C
__Lintentry               intentry     0004
__Lmaintext               maintext     0000
__Lpowerup                powerup      0000
__Lram                    ram          0000
__Lreset_vec              reset_vec    0000
__Lsfr0                   sfr0         0000
__Lsfr1                   sfr1         0000
__Lsfr2                   sfr2         0000
__Lsfr3                   sfr3         0000
__Lspace_0                (abs)        0000
__Lspace_1                (abs)        0000
__Lspace_2                (abs)        0000
__Lspace_3                (abs)        0000
__Lspace_4                (abs)        0000
__Lstack                  stack        0000
__Lstrings                strings      0000
__Ltext                   text         0000
__S0                      (abs)        04E7
__S1                      (abs)        007B
__S3                      (abs)        0000
___int_sp                 stack        0000
___latbits                (abs)        0002
___lldiv                  text7        0177
___lldiv@counter          cstackCOMMON 0078
___lldiv@dividend         cstackBANK0  004E
___lldiv@divisor          cstackBANK0  004A
___lldiv@quotient         cstackCOMMON 0074
___lwdiv                  text3        02ED
___lwdiv@counter          cstackBANK0  004A
___lwdiv@dividend         cstackCOMMON 0075
___lwdiv@divisor          cstackCOMMON 0073
___lwdiv@quotient         cstackBANK0  004B
___lwmod                  text2        0333
___lwmod@counter          cstackCOMMON 0079
___lwmod@dividend         cstackBANK0  004F
___lwmod@divisor          cstackBANK0  004D
___sp                     stack        0000
___stackhi                (abs)        0000
___stacklo                (abs)        0000
__end_of_Lcd_Clear        text13       04DB
__end_of_Lcd_Cmd          text14       04B9
__end_of_Lcd_Init         text8        02ED
__end_of_Lcd_Port         text15       0484
__end_of_Lcd_Set_Cursor   text12       029A
__end_of_Lcd_Write_Char   text11       0418
__end_of_Lcd_Write_String text10       0462
__end_of_USART_read       text17       04E7
__end_of_USART_set        text6        0177
__end_of___lldiv          text7        01DF
__end_of___lwdiv          text3        0333
__end_of___lwmod          text2        036F
__end_of__initialization  cinit        0019
__end_of__stringtab       strings      03B0
__end_of_dpowers          strings      03BA
__end_of_int_osc_MHz      text5        03AA
__end_of_main             maintext     0242
__end_of_master           text16       04CE
__end_of_read_red         text9        04A1
__end_of_setup            text4        043D
__end_of_sprintf          text1        0107
__initialization          cinit        000F
__pbssBANK0               bssBANK0     0020
__pbssCOMMON              bssCOMMON    007A
__pcstackBANK0            cstackBANK0  004A
__pcstackCOMMON           cstackCOMMON 0070
__pintentry               intentry     0004
__pmaintext               maintext     01DF
__pstrings                strings      03AA
__ptext1                  text1        001D
__ptext10                 text10       043D
__ptext11                 text11       03E1
__ptext12                 text12       0242
__ptext13                 text13       04CE
__ptext14                 text14       04A1
__ptext15                 text15       0462
__ptext16                 text16       04B9
__ptext17                 text17       04E3
__ptext2                  text2        0333
__ptext3                  text3        02ED
__ptext4                  text4        0418
__ptext5                  text5        036F
__ptext6                  text6        0107
__ptext7                  text7        0177
__ptext8                  text8        029A
__ptext9                  text9        0484
__stringbase              strings      03AF
__stringtab               strings      03AA
_dpowers                  strings      03B0
_frow                     bssBANK0     0036
_int_osc_MHz              text5        036F
_main                     maintext     01DF
_master                   text16       04B9
_mov                      bssBANK0     0020
_read_red                 text9        0484
_setup                    text4        0418
_sprintf                  text1        001D
_srow                     bssBANK0     0022
_val                      bssCOMMON    007A
btemp                     (abs)        007E
clear_ram0                clrtext      04DB
end_of_initialization     cinit        0019
int_osc_MHz@freq          cstackCOMMON 0075
interrupt_function        intentry     0004
intlevel0                 functab      0000
intlevel1                 functab      0000
intlevel2                 functab      0000
intlevel3                 functab      0000
intlevel4                 functab      0000
intlevel5                 functab      0000
reset_vec                 reset_vec    0000
saved_w                   (abs)        007E
sprintf@ap                cstackBANK0  005F
sprintf@c                 cstackBANK0  0065
sprintf@f                 cstackBANK0  0051
sprintf@flag              cstackBANK0  0060
sprintf@prec              cstackBANK0  0061
sprintf@sp                cstackBANK0  0064
sprintf@val               cstackBANK0  0062
start                     init         000C
start_initialization      cinit        000F
wtemp0                    (abs)        007E


MODULE INFORMATION

Module		Function		Class		Link	Load	Size
USART.c
		_USART_read    		CODE           	04E3	0000	4
		_USART_set     		CODE           	0107	0000	112

USART.c estimated size: 116

C:\Program Files\Microchip\xc8\v2.35\pic\sources\c90\common\lwdiv.c
		___lwdiv       		CODE           	02ED	0000	70

C:\Program Files\Microchip\xc8\v2.35\pic\sources\c90\common\lwdiv.c estimated size: 70

C:\Program Files\Microchip\xc8\v2.35\pic\sources\c90\common\doprnt.c
		_sprintf       		CODE           	001D	0000	234

C:\Program Files\Microchip\xc8\v2.35\pic\sources\c90\common\doprnt.c estimated size: 234

C:\Program Files\Microchip\xc8\v2.35\pic\sources\c90\common\__lldiv.c
		___lldiv       		CODE           	0177	0000	104

C:\Program Files\Microchip\xc8\v2.35\pic\sources\c90\common\__lldiv.c estimated size: 104

main_master_p1.c
		_read_red      		CODE           	0484	0000	29
		_main          		CODE           	01DF	0000	99
		_setup         		CODE           	0418	0000	37
		_master        		CODE           	04B9	0000	21

main_master_p1.c estimated size: 186

shared
		__stringtab    		STRING         	03AA	0000	6
		_dpowers       		STRING         	03B0	0000	10
		__initialization		CODE           	000F	0000	10

shared estimated size: 26

C:\Program Files\Microchip\xc8\v2.35\pic\sources\c90\common\lwmod.c
		___lwmod       		CODE           	0333	0000	60

C:\Program Files\Microchip\xc8\v2.35\pic\sources\c90\common\lwmod.c estimated size: 60

osc.c
		_int_osc_MHz   		CODE           	036F	0000	59

osc.c estimated size: 59

LCD.c
		_Lcd_Write_String		CODE           	043D	0000	37
		_Lcd_Init      		CODE           	029A	0000	83
		_Lcd_Write_Char		CODE           	03E1	0000	55
		_Lcd_Cmd       		CODE           	04A1	0000	24
		_Lcd_Set_Cursor		CODE           	0242	0000	88
		_Lcd_Clear     		CODE           	04CE	0000	13
		_Lcd_Port      		CODE           	0462	0000	34

LCD.c estimated size: 334

