Microchip MPLAB XC8 Compiler V2.35

Linker command line:

-W-3 --edf=C:\Program Files\Microchip\xc8\v2.35\pic\dat\en_msgs.txt -cn \
  -h+dist/default/production\Master_P1.X.production.sym \
  --cmf=dist/default/production\Master_P1.X.production.cmf -z -Q16F887 \
  -oC:\Users\javyp\AppData\Local\Temp\xcAsjos.4 --defsym=__MPLAB_BUILD=1 \
  -Mdist/default/production/Master_P1.X.production.map \
  --md=C:\Users\javyp\AppData\Local\Temp\xcAsjos.dat -E1 -ver=XC8 Compiler \
  --acfsm=1493 -ACODE=00h-07FFhx4 -ASTRCODE=00h-01FFFh -ASTRING=00h-0FFhx32 \
  -ACONST=00h-0FFhx32 -AENTRY=00h-0FFhx32 -ACOMMON=070h-07Fh \
  -ABANK0=020h-06Fh -ABANK1=0A0h-0EFh -ABANK2=0110h-016Fh \
  -ABANK3=0190h-01EFh -ARAM=020h-06Fh,0A0h-0EFh,0110h-016Fh,0190h-01EFh \
  -AABS1=020h-07Fh,0A0h-0EFh,0110h-016Fh,0190h-01EFh -ASFR0=00h-01Fh \
  -ASFR1=080h-09Fh -ASFR2=0100h-010Fh -ASFR3=0180h-018Fh \
  -ACONFIG=02007h-02008h -DCONFIG=2 -AIDLOC=02000h-02003h -DIDLOC=2 \
  -AEEDATA=00h-0FFh/02100h -peeprom_data=EEDATA -DEEDATA=2 -DCODE=2 \
  -DSTRCODE=2 -DSTRING=2 -DCONST=2 -DENTRY=2 \
  -preset_vec=00h,intentry=04h,init,end_init -ppowerup=CODE -pcinit=CODE \
  -pfunctab=ENTRY -k C:\Users\javyp\AppData\Local\Temp\xcAsjos.o \
  dist/default/production\Master_P1.X.production.o 

Object code version is 3.11

Machine type is 16F887



                Name                               Link     Load   Length Selector   Space Scale
C:\Users\javyp\AppData\Local\Temp\xcAsjos.o
                end_init                              C        C        3        8       0
                reset_vec                             0        0        3        0       0
                config                             2007     2007        2        0       4
                idloc                              2000     2000        4        0       5
dist/default/production\Master_P1.X.production.o
                cinit                                 F        F        7        8       0
                intentry                              4        4        8        8       0
                config                             2007     2007        2        0       4
                idloc                              2000     2000        4        0       5
                text12                              2AD      2AD        4        8       0
                text11                              289      289       17        8       0
                text10                              232      232       22        8       0
                text9                               271      271       18        8       0
                text8                               2A0      2A0        D        8       0
                text7                                F0       F0       58        8       0
                text6                               1D6      1D6       37        8       0
                text5                               148      148       53        8       0
                text4                                88       88       68        8       0
                text3                                16       16       72        8       0
                text2                               19B      19B       3B        8       0
                text1                               20D      20D       25        8       0
                maintext                            254      254       1D        8       0
                cstackBANK0                          20       20       16       20       1
                cstackCOMMON                         70       70        B       70       1
                bssBANK0                             36       36        1       20       1

TOTAL           Name                               Link     Load   Length     Space
        CLASS   CODE           
                end_init                              C        C        3         0
                cinit                                 F        F        7         0
                intentry                              4        4        8         0
                reset_vec                             0        0        3         0
                text12                              2AD      2AD        4         0
                text11                              289      289       17         0
                text10                              232      232       22         0
                text9                               271      271       18         0
                text8                               2A0      2A0        D         0
                text7                                F0       F0       58         0
                text6                               1D6      1D6       37         0
                text5                               148      148       53         0
                text4                                88       88       68         0
                text3                                16       16       72         0
                text2                               19B      19B       3B         0
                text1                               20D      20D       25         0
                maintext                            254      254       1D         0

        CLASS   STRCODE        

        CLASS   STRING         

        CLASS   CONST          

        CLASS   ENTRY          

        CLASS   COMMON         
                cstackCOMMON                         70       70        B         1

        CLASS   BANK0          
                cstackBANK0                          20       20       16         1
                bssBANK0                             36       36        1         1

        CLASS   BANK1          

        CLASS   BANK2          

        CLASS   BANK3          

        CLASS   RAM            

        CLASS   ABS1           
                abs_s1                               7E       7E        2         1

        CLASS   SFR0           

        CLASS   SFR1           

        CLASS   SFR2           

        CLASS   SFR3           

        CLASS   CONFIG         
                config                             2007     2007        2         4

        CLASS   IDLOC          
                idloc                              2000     2000        4         5

        CLASS   EEDATA         

        CLASS   STACK          



SEGMENTS        Name                           Load    Length   Top    Selector   Space  Class     Delta

                reset_vec                      000000  000003  000003         0       0  CODE        2
                intentry                       000004  0002AD  0002B1         8       0  CODE        2
                cstackBANK0                    000020  000017  000037        20       1  BANK0       1
                cstackCOMMON                   000070  00000B  00007B        70       1  COMMON      1


UNUSED ADDRESS RANGES

        Name                Unused          Largest block    Delta
        BANK0            0037-006F             39           1
        BANK1            00A0-00EF             50           1
        BANK2            0110-016F             60           1
        BANK3            0190-01EF             60           1
        CODE             0003-0003              1           2
                         02B1-1FFF            800
        COMMON           007B-007D              3           1
        CONST            0003-0003              1           2
                         02B1-1FFF            100
        EEDATA           2100-21FF            100           2
        ENTRY            0003-0003              1           2
                         02B1-1FFF            100
        RAM              0037-006F             39           1
                         00A0-00EF             50
                         0110-016F             60
                         0190-01EF             60
        SFR0             0000-001F             20           1
        SFR1             0080-009F             20           1
        SFR2             0100-010F             10           1
        SFR3             0180-018F             10           1
        STRCODE          0003-0003              1           2
                         02B1-1FFF           1D4F
        STRING           0003-0003              1           2
                         02B1-1FFF            100

                                  Symbol Table

?___lldiv                cstackCOMMON 0073
Lcd_Cmd@a                cstackCOMMON 0075
Lcd_Port@a               cstackCOMMON 0073
Lcd_Set_Cursor@a         cstackBANK0  0020
Lcd_Set_Cursor@b         cstackCOMMON 0076
Lcd_Set_Cursor@temp      cstackBANK0  0023
Lcd_Set_Cursor@y         cstackBANK0  0022
Lcd_Set_Cursor@z         cstackBANK0  0021
Lcd_Write_Char@a         cstackCOMMON 0077
Lcd_Write_Char@temp      cstackCOMMON 0075
Lcd_Write_Char@y         cstackCOMMON 0076
USART_set@baudrate       cstackBANK0  0026
_ANSEL                   (abs)        0188
_ANSELH                  (abs)        0189
_BAUDCTLbits             (abs)        0187
_INTCONbits              (abs)        000B
_Lcd_Clear               text8        02A0
_Lcd_Cmd                 text9        0271
_Lcd_Init                text5        0148
_Lcd_Port                text10       0232
_Lcd_Set_Cursor          text7        00F0
_Lcd_Write_Char          text6        01D6
_OSCCONbits              (abs)        008F
_PIE1bits                (abs)        008C
_PIR1bits                (abs)        000C
_RA0                     (abs)        0028
_RA1                     (abs)        0029
_RA2                     (abs)        002A
_RA3                     (abs)        002B
_RA4                     (abs)        002C
_RA5                     (abs)        002D
_RCREG                   (abs)        001A
_RCSTAbits               (abs)        0018
_SPBRG                   (abs)        0099
_SPBRGH                  (abs)        009A
_TRISA                   (abs)        0085
_TRISB                   (abs)        0086
_TXREG                   (abs)        0019
_TXSTAbits               (abs)        0098
_USART_read              text12       02AD
_USART_set               text3        0016
__Habs1                  abs1         0000
__Hbank0                 bank0        0000
__Hbank1                 bank1        0000
__Hbank2                 bank2        0000
__Hbank3                 bank3        0000
__HbssBANK0              bssBANK0     0000
__Hcinit                 cinit        0016
__Hclrtext               clrtext      0000
__Hcode                  code         0000
__Hcommon                common       0000
__Hconfig                config       2009
__HcstackBANK0           cstackBANK0  0000
__HcstackCOMMON          cstackCOMMON 0000
__Heeprom_data           eeprom_data  0000
__Hend_init              end_init     000F
__Hfunctab               functab      0000
__Hidloc                 idloc        2004
__Hinit                  init         000C
__Hintentry              intentry     000C
__Hmaintext              maintext     0000
__Hpowerup               powerup      0000
__Hram                   ram          0000
__Hreset_vec             reset_vec    0003
__Hsfr0                  sfr0         0000
__Hsfr1                  sfr1         0000
__Hsfr2                  sfr2         0000
__Hsfr3                  sfr3         0000
__Hspace_0               (abs)        02B1
__Hspace_1               (abs)        007B
__Hspace_2               (abs)        0000
__Hspace_3               (abs)        0000
__Hspace_4               (abs)        4010
__Hstack                 stack        0000
__Hstrings               strings      0000
__Htext                  text         0000
__Labs1                  abs1         0000
__Lbank0                 bank0        0000
__Lbank1                 bank1        0000
__Lbank2                 bank2        0000
__Lbank3                 bank3        0000
__LbssBANK0              bssBANK0     0000
__Lcinit                 cinit        000F
__Lclrtext               clrtext      0000
__Lcode                  code         0000
__Lcommon                common       0000
__Lconfig                config       0000
__LcstackBANK0           cstackBANK0  0000
__LcstackCOMMON          cstackCOMMON 0000
__Leeprom_data           eeprom_data  0000
__Lend_init              end_init     000C
__Lfunctab               functab      0000
__Lidloc                 idloc        0000
__Linit                  init         000C
__Lintentry              intentry     0004
__Lmaintext              maintext     0000
__Lpowerup               powerup      0000
__Lram                   ram          0000
__Lreset_vec             reset_vec    0000
__Lsfr0                  sfr0         0000
__Lsfr1                  sfr1         0000
__Lsfr2                  sfr2         0000
__Lsfr3                  sfr3         0000
__Lspace_0               (abs)        0000
__Lspace_1               (abs)        0000
__Lspace_2               (abs)        0000
__Lspace_3               (abs)        0000
__Lspace_4               (abs)        0000
__Lstack                 stack        0000
__Lstrings               strings      0000
__Ltext                  text         0000
__S0                     (abs)        02B1
__S1                     (abs)        007B
__S3                     (abs)        0000
___int_sp                stack        0000
___latbits               (abs)        0002
___lldiv                 text4        0088
___lldiv@counter         cstackBANK0  0025
___lldiv@dividend        cstackCOMMON 0077
___lldiv@divisor         cstackCOMMON 0073
___lldiv@quotient        cstackBANK0  0021
___sp                    stack        0000
___stackhi               (abs)        0000
___stacklo               (abs)        0000
__end_of_Lcd_Clear       text8        02AD
__end_of_Lcd_Cmd         text9        0289
__end_of_Lcd_Init        text5        019B
__end_of_Lcd_Port        text10       0254
__end_of_Lcd_Set_Cursor  text7        0148
__end_of_Lcd_Write_Char  text6        020D
__end_of_USART_read      text12       02B1
__end_of_USART_set       text3        0088
__end_of___lldiv         text4        00F0
__end_of__initialization cinit        0012
__end_of_int_osc_MHz     text2        01D6
__end_of_main            maintext     0271
__end_of_master          text11       02A0
__end_of_setup           text1        0232
__initialization         cinit        000F
__pbssBANK0              bssBANK0     0036
__pcstackBANK0           cstackBANK0  0020
__pcstackCOMMON          cstackCOMMON 0070
__pintentry              intentry     0004
__pmaintext              maintext     0254
__ptext1                 text1        020D
__ptext10                text10       0232
__ptext11                text11       0289
__ptext12                text12       02AD
__ptext2                 text2        019B
__ptext3                 text3        0016
__ptext4                 text4        0088
__ptext5                 text5        0148
__ptext6                 text6        01D6
__ptext7                 text7        00F0
__ptext8                 text8        02A0
__ptext9                 text9        0271
_int_osc_MHz             text2        019B
_main                    maintext     0254
_master                  text11       0289
_setup                   text1        020D
_val                     bssBANK0     0036
btemp                    (abs)        007E
end_of_initialization    cinit        0012
int_osc_MHz@freq         cstackCOMMON 0075
interrupt_function       intentry     0004
intlevel0                functab      0000
intlevel1                functab      0000
intlevel2                functab      0000
intlevel3                functab      0000
intlevel4                functab      0000
intlevel5                functab      0000
reset_vec                reset_vec    0000
saved_w                  (abs)        007E
start                    init         000C
start_initialization     cinit        000F
wtemp0                   (abs)        007E


MODULE INFORMATION

Module		Function		Class		Link	Load	Size
USART.c
		_USART_read    		CODE           	02AD	0000	4
		_USART_set     		CODE           	0016	0000	114

USART.c estimated size: 118

C:\Program Files\Microchip\xc8\v2.35\pic\sources\c90\common\__lldiv.c
		___lldiv       		CODE           	0088	0000	104

C:\Program Files\Microchip\xc8\v2.35\pic\sources\c90\common\__lldiv.c estimated size: 104

main_master_p1.c
		_main          		CODE           	0254	0000	29
		_setup         		CODE           	020D	0000	37
		_master        		CODE           	0289	0000	23

main_master_p1.c estimated size: 89

shared
		__initialization		CODE           	000F	0000	3

shared estimated size: 3

osc.c
		_int_osc_MHz   		CODE           	019B	0000	59

osc.c estimated size: 59

LCD.c
		_Lcd_Init      		CODE           	0148	0000	83
		_Lcd_Write_Char		CODE           	01D6	0000	55
		_Lcd_Cmd       		CODE           	0271	0000	24
		_Lcd_Set_Cursor		CODE           	00F0	0000	88
		_Lcd_Clear     		CODE           	02A0	0000	13
		_Lcd_Port      		CODE           	0232	0000	34

LCD.c estimated size: 297

